Archive member included to satisfy reference by file (symbol)

d:/archivos de programa/atollic/truestudio for stm32 9.3.0/armtools/bin/../lib/gcc/arm-atollic-eabi/6.3.1/../../../../arm-atollic-eabi/lib/armv7e-m/fpu\libc_nano.a(lib_a-errno.o)
                              Src\syscalls.o (__errno)
d:/archivos de programa/atollic/truestudio for stm32 9.3.0/armtools/bin/../lib/gcc/arm-atollic-eabi/6.3.1/../../../../arm-atollic-eabi/lib/armv7e-m/fpu\libc_nano.a(lib_a-impure.o)
                              d:/archivos de programa/atollic/truestudio for stm32 9.3.0/armtools/bin/../lib/gcc/arm-atollic-eabi/6.3.1/../../../../arm-atollic-eabi/lib/armv7e-m/fpu\libc_nano.a(lib_a-errno.o) (_impure_ptr)
d:/archivos de programa/atollic/truestudio for stm32 9.3.0/armtools/bin/../lib/gcc/arm-atollic-eabi/6.3.1/../../../../arm-atollic-eabi/lib/armv7e-m/fpu\libc_nano.a(lib_a-init.o)
                              startup\startup_stm32f446xx.o (__libc_init_array)
d:/archivos de programa/atollic/truestudio for stm32 9.3.0/armtools/bin/../lib/gcc/arm-atollic-eabi/6.3.1/../../../../arm-atollic-eabi/lib/armv7e-m/fpu\libc_nano.a(lib_a-memcpy-stub.o)
                              Middlewares\Third_Party\FreeRTOS\Source\CMSIS_RTOS_V2\cmsis_os2.o (memcpy)
d:/archivos de programa/atollic/truestudio for stm32 9.3.0/armtools/bin/../lib/gcc/arm-atollic-eabi/6.3.1/../../../../arm-atollic-eabi/lib/armv7e-m/fpu\libc_nano.a(lib_a-memset.o)
                              Middlewares\Third_Party\FreeRTOS\Source\stream_buffer.o (memset)
d:/archivos de programa/atollic/truestudio for stm32 9.3.0/armtools/bin/../lib/gcc/arm-atollic-eabi/6.3.1/../../../../arm-atollic-eabi/lib/armv7e-m/fpu\libc_nano.a(lib_a-strlen.o)
                              Src\HAL\Uart\base\uart.o (strlen)
d:/archivos de programa/atollic/truestudio for stm32 9.3.0/armtools/bin/../lib/gcc/arm-atollic-eabi/6.3.1/armv7e-m/fpu\libgcc.a(_aeabi_uldivmod.o)
                              Drivers\STM32F4xx_HAL_Driver\Src\stm32f4xx_hal_rcc.o (__aeabi_uldivmod)
d:/archivos de programa/atollic/truestudio for stm32 9.3.0/armtools/bin/../lib/gcc/arm-atollic-eabi/6.3.1/armv7e-m/fpu\libgcc.a(_udivmoddi4.o)
                              d:/archivos de programa/atollic/truestudio for stm32 9.3.0/armtools/bin/../lib/gcc/arm-atollic-eabi/6.3.1/armv7e-m/fpu\libgcc.a(_aeabi_uldivmod.o) (__udivmoddi4)
d:/archivos de programa/atollic/truestudio for stm32 9.3.0/armtools/bin/../lib/gcc/arm-atollic-eabi/6.3.1/armv7e-m/fpu\libgcc.a(_dvmd_tls.o)
                              d:/archivos de programa/atollic/truestudio for stm32 9.3.0/armtools/bin/../lib/gcc/arm-atollic-eabi/6.3.1/armv7e-m/fpu\libgcc.a(_aeabi_uldivmod.o) (__aeabi_ldiv0)

Allocating common symbols
Common symbol       size              file

uartCircularBuffers
                    0x0               Src\HAL\Uart\base\uart.o
defaultTaskHandle   0x4               Src\main.o
tag                 0xa               Src\Middleware\BridgeMode.o
uwTick              0x4               Drivers\STM32F4xx_HAL_Driver\Src\stm32f4xx_hal.o
xQueueRegistry      0x40              Middlewares\Third_Party\FreeRTOS\Source\queue.o
pFlash              0x20              Drivers\STM32F4xx_HAL_Driver\Src\stm32f4xx_hal_flash.o
htim3               0x40              Src\main.o
uartHandlers        0x0               Src\HAL\Uart\base\uart.o
hadc1               0x48              Src\main.o
RxByte              0x1               Src\HAL\Uart\base\uart.o
timerHandler        0x40              Src\HAL\Timer\base\Timer.o
htim1               0x40              Src\main.o
huart4              0x40              Src\main.o
htim2               0x40              Src\main.o
hcan1               0x28              Src\main.o

Discarded input sections

 .text          0x00000000        0x0 d:/archivos de programa/atollic/truestudio for stm32 9.3.0/armtools/bin/../lib/gcc/arm-atollic-eabi/6.3.1/armv7e-m/fpu/crti.o
 .data          0x00000000        0x0 d:/archivos de programa/atollic/truestudio for stm32 9.3.0/armtools/bin/../lib/gcc/arm-atollic-eabi/6.3.1/armv7e-m/fpu/crti.o
 .bss           0x00000000        0x0 d:/archivos de programa/atollic/truestudio for stm32 9.3.0/armtools/bin/../lib/gcc/arm-atollic-eabi/6.3.1/armv7e-m/fpu/crti.o
 .data          0x00000000        0x4 d:/archivos de programa/atollic/truestudio for stm32 9.3.0/armtools/bin/../lib/gcc/arm-atollic-eabi/6.3.1/armv7e-m/fpu/crtbegin.o
 .text          0x00000000        0x0 Drivers\STM32F4xx_HAL_Driver\Src\stm32f4xx_hal.o
 .data          0x00000000        0x0 Drivers\STM32F4xx_HAL_Driver\Src\stm32f4xx_hal.o
 .bss           0x00000000        0x0 Drivers\STM32F4xx_HAL_Driver\Src\stm32f4xx_hal.o
 .text.HAL_MspInit
                0x00000000        0x2 Drivers\STM32F4xx_HAL_Driver\Src\stm32f4xx_hal.o
 .text.HAL_MspDeInit
                0x00000000        0x2 Drivers\STM32F4xx_HAL_Driver\Src\stm32f4xx_hal.o
 .text.HAL_DeInit
                0x00000000       0x2c Drivers\STM32F4xx_HAL_Driver\Src\stm32f4xx_hal.o
 .text.HAL_GetTickPrio
[...]
Memory Configuration

Name             Origin             Length             Attributes
RAM              0x20000000         0x00020000         xrw
FLASH            0x08000000         0x00080000         xr
*default*        0x00000000         0xffffffff

Linker script and memory map

LOAD d:/archivos de programa/atollic/truestudio for stm32 9.3.0/armtools/bin/../lib/gcc/arm-atollic-eabi/6.3.1/armv7e-m/fpu/crti.o
LOAD d:/archivos de programa/atollic/truestudio for stm32 9.3.0/armtools/bin/../lib/gcc/arm-atollic-eabi/6.3.1/armv7e-m/fpu/crtbegin.o
LOAD Drivers\STM32F4xx_HAL_Driver\Src\stm32f4xx_hal.o
LOAD Drivers\STM32F4xx_HAL_Driver\Src\stm32f4xx_hal_adc.o
LOAD Drivers\STM32F4xx_HAL_Driver\Src\stm32f4xx_hal_adc_ex.o
LOAD Drivers\STM32F4xx_HAL_Driver\Src\stm32f4xx_hal_can.o
LOAD Drivers\STM32F4xx_HAL_Driver\Src\stm32f4xx_hal_cortex.o
LOAD Drivers\STM32F4xx_HAL_Driver\Src\stm32f4xx_hal_dma.o
LOAD Drivers\STM32F4xx_HAL_Driver\Src\stm32f4xx_hal_dma_ex.o
LOAD Drivers\STM32F4xx_HAL_Driver\Src\stm32f4xx_hal_exti.o
LOAD Drivers\STM32F4xx_HAL_Driver\Src\stm32f4xx_hal_flash.o
LOAD Drivers\STM32F4xx_HAL_Driver\Src\stm32f4xx_hal_flash_ex.o
LOAD Drivers\STM32F4xx_HAL_Driver\Src\stm32f4xx_hal_flash_ramfunc.o
LOAD Drivers\STM32F4xx_HAL_Driver\Src\stm32f4xx_hal_gpio.o
LOAD Drivers\STM32F4xx_HAL_Driver\Src\stm32f4xx_hal_pwr.o
LOAD Drivers\STM32F4xx_HAL_Driver\Src\stm32f4xx_hal_pwr_ex.o
LOAD Drivers\STM32F4xx_HAL_Driver\Src\stm32f4xx_hal_rcc.o
LOAD Drivers\STM32F4xx_HAL_Driver\Src\stm32f4xx_hal_rcc_ex.o
LOAD Drivers\STM32F4xx_HAL_Driver\Src\stm32f4xx_hal_tim.o
LOAD Drivers\STM32F4xx_HAL_Driver\Src\stm32f4xx_hal_tim_ex.o
LOAD Drivers\STM32F4xx_HAL_Driver\Src\stm32f4xx_hal_uart.o
LOAD Middlewares\Third_Party\FreeRTOS\Source\CMSIS_RTOS_V2\cmsis_os2.o
LOAD Middlewares\Third_Party\FreeRTOS\Source\croutine.o
LOAD Middlewares\Third_Party\FreeRTOS\Source\event_groups.o
LOAD Middlewares\Third_Party\FreeRTOS\Source\list.o
LOAD Middlewares\Third_Party\FreeRTOS\Source\portable\GCC\ARM_CM4F\port.o
LOAD Middlewares\Third_Party\FreeRTOS\Source\portable\MemMang\heap_4.o
LOAD Middlewares\Third_Party\FreeRTOS\Source\queue.o
LOAD Middlewares\Third_Party\FreeRTOS\Source\stream_buffer.o
LOAD Middlewares\Third_Party\FreeRTOS\Source\tasks.o
LOAD Middlewares\Third_Party\FreeRTOS\Source\timers.o
LOAD Src\HAL\GPIO\base\GPIO.o
LOAD Src\HAL\GPIO\custom\GPIO_map.o
LOAD Src\HAL\Timer\base\Timer.o
LOAD Src\HAL\Timer\base\TimerPrivate.o
LOAD Src\HAL\Timer\custom\Timer_map.o
LOAD Src\HAL\Uart\base\uart.o
LOAD Src\HAL\Uart\custom\uart_map.o
LOAD Src\HAL\interrupts\base\interrupts.o
LOAD Src\HAL\interrupts\custom\interrupts_map.o
LOAD Src\Middleware\BridgeMode.o
LOAD Src\Tools\CircularBuffer\CircularBuffer.o
LOAD Src\Tools\Strings\Strings.o
LOAD Src\freertos.o
LOAD Src\main.o
LOAD Src\stm32f4xx_hal_msp.o
LOAD Src\stm32f4xx_it.o
LOAD Src\syscalls.o
LOAD Src\system_stm32f4xx.o
LOAD startup\startup_stm32f446xx.o
                0x00000080                malloc_getpagesize_P = 0x80
START GROUP
LOAD d:/archivos de programa/atollic/truestudio for stm32 9.3.0/armtools/bin/../lib/gcc/arm-atollic-eabi/6.3.1/../../../../arm-atollic-eabi/lib/armv7e-m/fpu\libc_nano.a
LOAD d:/archivos de programa/atollic/truestudio for stm32 9.3.0/armtools/bin/../lib/gcc/arm-atollic-eabi/6.3.1/../../../../arm-atollic-eabi/lib/armv7e-m/fpu\libm.a
END GROUP
START GROUP
LOAD d:/archivos de programa/atollic/truestudio for stm32 9.3.0/armtools/bin/../lib/gcc/arm-atollic-eabi/6.3.1/armv7e-m/fpu\libgcc.a
LOAD d:/archivos de programa/atollic/truestudio for stm32 9.3.0/armtools/bin/../lib/gcc/arm-atollic-eabi/6.3.1/../../../../arm-atollic-eabi/lib/armv7e-m/fpu\libc_nano.a
END GROUP
START GROUP
LOAD d:/archivos de programa/atollic/truestudio for stm32 9.3.0/armtools/bin/../lib/gcc/arm-atollic-eabi/6.3.1/armv7e-m/fpu\libgcc.a
LOAD d:/archivos de programa/atollic/truestudio for stm32 9.3.0/armtools/bin/../lib/gcc/arm-atollic-eabi/6.3.1/../../../../arm-atollic-eabi/lib/armv7e-m/fpu\libc_nano.a
LOAD d:/archivos de programa/atollic/truestudio for stm32 9.3.0/armtools/bin/../lib/gcc/arm-atollic-eabi/6.3.1/../../../../arm-atollic-eabi/lib/armv7e-m/fpu\libnosys.a
END GROUP
START GROUP
LOAD d:/archivos de programa/atollic/truestudio for stm32 9.3.0/armtools/bin/../lib/gcc/arm-atollic-eabi/6.3.1/armv7e-m/fpu\libgcc.a
LOAD d:/archivos de programa/atollic/truestudio for stm32 9.3.0/armtools/bin/../lib/gcc/arm-atollic-eabi/6.3.1/../../../../arm-atollic-eabi/lib/armv7e-m/fpu\libc_nano.a
LOAD d:/archivos de programa/atollic/truestudio for stm32 9.3.0/armtools/bin/../lib/gcc/arm-atollic-eabi/6.3.1/../../../../arm-atollic-eabi/lib/armv7e-m/fpu\libnosys.a
END GROUP
LOAD d:/archivos de programa/atollic/truestudio for stm32 9.3.0/armtools/bin/../lib/gcc/arm-atollic-eabi/6.3.1/armv7e-m/fpu/crtend.o
LOAD d:/archivos de programa/atollic/truestudio for stm32 9.3.0/armtools/bin/../lib/gcc/arm-atollic-eabi/6.3.1/armv7e-m/fpu/crtn.o
                0x20020000                _estack = 0x20020000
                0x00000200                _Min_Heap_Size = 0x200
                0x00000400                _Min_Stack_Size = 0x400

.isr_vector     0x08000000      0x1c4
                0x08000000                . = ALIGN (0x4)
 *(.isr_vector)
 .isr_vector    0x08000000      0x1c4 startup\startup_stm32f446xx.o
                0x08000000                g_pfnVectors
                0x080001c4                . = ALIGN (0x4)

.text           0x080001d0     0x368c
                0x080001d0                . = ALIGN (0x4)
 *(.text)
 .text          0x080001d0       0x40 d:/archivos de programa/atollic/truestudio for stm32 9.3.0/armtools/bin/../lib/gcc/arm-atollic-eabi/6.3.1/armv7e-m/fpu/crtbegin.o
 .text          0x08000210       0x30 d:/archivos de programa/atollic/truestudio for stm32 9.3.0/armtools/bin/../lib/gcc/arm-atollic-eabi/6.3.1/armv7e-m/fpu\libgcc.a(_aeabi_uldivmod.o)
                0x08000210                __aeabi_uldivmod
 .text          0x08000240      0x2dc d:/archivos de programa/atollic/truestudio for stm32 9.3.0/armtools/bin/../lib/gcc/arm-atollic-eabi/6.3.1/armv7e-m/fpu\libgcc.a(_udivmoddi4.o)
                0x08000240                __udivmoddi4
 .text          0x0800051c        0x4 d:/archivos de programa/atollic/truestudio for stm32 9.3.0/armtools/bin/../lib/gcc/arm-atollic-eabi/6.3.1/armv7e-m/fpu\libgcc.a(_dvmd_tls.o)
                0x0800051c                __aeabi_idiv0
                0x0800051c                __aeabi_ldiv0
 *(.text*)
 .text.HAL_InitTick
                0x08000520       0x48 Drivers\STM32F4xx_HAL_Driver\Src\stm32f4xx_hal.o
                0x08000520                HAL_InitTick
 .text.HAL_Init
                0x08000568       0x34 Drivers\STM32F4xx_HAL_Driver\Src\stm32f4xx_hal.o
                0x08000568                HAL_Init
 .text.HAL_IncTick
                0x0800059c       0x18 Drivers\STM32F4xx_HAL_Driver\Src\stm32f4xx_hal.o
                0x0800059c                HAL_IncTick
 .text.HAL_GetTick
                0x080005b4        0xc Drivers\STM32F4xx_HAL_Driver\Src\stm32f4xx_hal.o
                0x080005b4                HAL_GetTick
 .text.HAL_ADC_Init
                0x080005c0      0x14c Drivers\STM32F4xx_HAL_Driver\Src\stm32f4xx_hal_adc.o
                0x080005c0                HAL_ADC_Init
 .text.HAL_ADC_ConfigChannel
                0x0800070c      0x144 Drivers\STM32F4xx_HAL_Driver\Src\stm32f4xx_hal_adc.o
                0x0800070c                HAL_ADC_ConfigChannel
 .text.HAL_CAN_Init
                0x08000850       0xf6 Drivers\STM32F4xx_HAL_Driver\Src\stm32f4xx_hal_can.o
                0x08000850                HAL_CAN_Init
 *fill*         0x08000946        0x2 
 .text.HAL_NVIC_SetPriorityGrouping
                0x08000948       0x24 Drivers\STM32F4xx_HAL_Driver\Src\stm32f4xx_hal_cortex.o
                0x08000948                HAL_NVIC_SetPriorityGrouping
 .text.HAL_NVIC_SetPriority
                0x0800096c       0x68 Drivers\STM32F4xx_HAL_Driver\Src\stm32f4xx_hal_cortex.o
                0x0800096c                HAL_NVIC_SetPriority
 .text.HAL_SYSTICK_Config
                0x080009d4       0x2c Drivers\STM32F4xx_HAL_Driver\Src\stm32f4xx_hal_cortex.o
                0x080009d4                HAL_SYSTICK_Config
 .text.HAL_GPIO_Init
                0x08000a00      0x1b4 Drivers\STM32F4xx_HAL_Driver\Src\stm32f4xx_hal_gpio.o
                0x08000a00                HAL_GPIO_Init
 .text.HAL_RCC_ClockConfig
                0x08000bb4      0x134 Drivers\STM32F4xx_HAL_Driver\Src\stm32f4xx_hal_rcc.o
                0x08000bb4                HAL_RCC_ClockConfig
 .text.HAL_RCC_GetPCLK1Freq
                0x08000ce8       0x20 Drivers\STM32F4xx_HAL_Driver\Src\stm32f4xx_hal_rcc.o
                0x08000ce8                HAL_RCC_GetPCLK1Freq
 .text.HAL_RCC_GetPCLK2Freq
                0x08000d08       0x20 Drivers\STM32F4xx_HAL_Driver\Src\stm32f4xx_hal_rcc.o
                0x08000d08                HAL_RCC_GetPCLK2Freq
 .text.HAL_RCC_GetSysClockFreq
                0x08000d28       0x90 Drivers\STM32F4xx_HAL_Driver\Src\stm32f4xx_hal_rcc_ex.o
                0x08000d28                HAL_RCC_GetSysClockFreq
 .text.HAL_RCC_OscConfig
                0x08000db8      0x334 Drivers\STM32F4xx_HAL_Driver\Src\stm32f4xx_hal_rcc_ex.o
                0x08000db8                HAL_RCC_OscConfig
 .text.TIM_OC1_SetConfig
                0x080010ec       0x64 Drivers\STM32F4xx_HAL_Driver\Src\stm32f4xx_hal_tim.o
 .text.TIM_OC3_SetConfig
                0x08001150       0x6c Drivers\STM32F4xx_HAL_Driver\Src\stm32f4xx_hal_tim.o
 .text.TIM_OC4_SetConfig
                0x080011bc       0x4c Drivers\STM32F4xx_HAL_Driver\Src\stm32f4xx_hal_tim.o
 .text.TIM_Base_SetConfig
                0x08001208       0xcc Drivers\STM32F4xx_HAL_Driver\Src\stm32f4xx_hal_tim.o
                0x08001208                TIM_Base_SetConfig
 .text.HAL_TIM_PWM_Init
                0x080012d4       0x34 Drivers\STM32F4xx_HAL_Driver\Src\stm32f4xx_hal_tim.o
                0x080012d4                HAL_TIM_PWM_Init
 .text.TIM_OC2_SetConfig
                0x08001308       0x6c Drivers\STM32F4xx_HAL_Driver\Src\stm32f4xx_hal_tim.o
                0x08001308                TIM_OC2_SetConfig
 .text.HAL_TIM_PWM_ConfigChannel
                0x08001374       0xc4 Drivers\STM32F4xx_HAL_Driver\Src\stm32f4xx_hal_tim.o
                0x08001374                HAL_TIM_PWM_ConfigChannel
 .text.HAL_TIMEx_MasterConfigSynchronization
                0x08001438       0x3c Drivers\STM32F4xx_HAL_Driver\Src\stm32f4xx_hal_tim_ex.o
                0x08001438                HAL_TIMEx_MasterConfigSynchronization
 .text.HAL_TIMEx_ConfigBreakDeadTime
                0x08001474       0x4c Drivers\STM32F4xx_HAL_Driver\Src\stm32f4xx_hal_tim_ex.o
                0x08001474                HAL_TIMEx_ConfigBreakDeadTime
 .text.UART_SetConfig
                0x080014c0      0x234 Drivers\STM32F4xx_HAL_Driver\Src\stm32f4xx_hal_uart.o
 .text.HAL_UART_Init
                0x080016f4       0x5c Drivers\STM32F4xx_HAL_Driver\Src\stm32f4xx_hal_uart.o
                0x080016f4                HAL_UART_Init
 .text.osKernelInitialize
                0x08001750       0x38 Middlewares\Third_Party\FreeRTOS\Source\CMSIS_RTOS_V2\cmsis_os2.o
                0x08001750                osKernelInitialize
 .text.osKernelStart
                0x08001788       0x40 Middlewares\Third_Party\FreeRTOS\Source\CMSIS_RTOS_V2\cmsis_os2.o
                0x08001788                osKernelStart
 .text.osThreadNew
                0x080017c8       0xc0 Middlewares\Third_Party\FreeRTOS\Source\CMSIS_RTOS_V2\cmsis_os2.o
                0x080017c8                osThreadNew
 .text.osDelay  0x08001888       0x34 Middlewares\Third_Party\FreeRTOS\Source\CMSIS_RTOS_V2\cmsis_os2.o
                0x08001888                osDelay
 .text.vApplicationGetIdleTaskMemory
                0x080018bc       0x18 Middlewares\Third_Party\FreeRTOS\Source\CMSIS_RTOS_V2\cmsis_os2.o
                0x080018bc                vApplicationGetIdleTaskMemory
 .text.vApplicationGetTimerTaskMemory
                0x080018d4       0x18 Middlewares\Third_Party\FreeRTOS\Source\CMSIS_RTOS_V2\cmsis_os2.o
                0x080018d4                vApplicationGetTimerTaskMemory
 .text.vListInitialise
                0x080018ec       0x16 Middlewares\Third_Party\FreeRTOS\Source\list.o
                0x080018ec                vListInitialise
 .text.vListInitialiseItem
                0x08001902        0x6 Middlewares\Third_Party\FreeRTOS\Source\list.o
                0x08001902                vListInitialiseItem
 .text.vListInsertEnd
                0x08001908       0x18 Middlewares\Third_Party\FreeRTOS\Source\list.o
                0x08001908                vListInsertEnd
 .text.vListInsert
                0x08001920       0x2e Middlewares\Third_Party\FreeRTOS\Source\list.o
                0x08001920                vListInsert
 .text.uxListRemove
                0x0800194e       0x22 Middlewares\Third_Party\FreeRTOS\Source\list.o
                0x0800194e                uxListRemove
 .text.prvTaskExitError
                0x08001970       0x40 Middlewares\Third_Party\FreeRTOS\Source\portable\GCC\ARM_CM4F\port.o
 .text.unlikely.prvPortStartFirstTask
                0x080019b0       0x28 Middlewares\Third_Party\FreeRTOS\Source\portable\GCC\ARM_CM4F\port.o
 .text.unlikely.vPortEnableVFP
                0x080019d8       0x14 Middlewares\Third_Party\FreeRTOS\Source\portable\GCC\ARM_CM4F\port.o
 .text.pxPortInitialiseStack
                0x080019ec       0x2c Middlewares\Third_Party\FreeRTOS\Source\portable\GCC\ARM_CM4F\port.o
                0x080019ec                pxPortInitialiseStack
 *fill*         0x08001a18        0x8 
 .text.SVC_Handler
                0x08001a20       0x24 Middlewares\Third_Party\FreeRTOS\Source\portable\GCC\ARM_CM4F\port.o
                0x08001a20                SVC_Handler
 .text.vPortEnterCritical
                0x08001a44       0x44 Middlewares\Third_Party\FreeRTOS\Source\portable\GCC\ARM_CM4F\port.o
                0x08001a44                vPortEnterCritical
 .text.vPortExitCritical
                0x08001a88       0x28 Middlewares\Third_Party\FreeRTOS\Source\portable\GCC\ARM_CM4F\port.o
                0x08001a88                vPortExitCritical
 .text.PendSV_Handler
                0x08001ab0       0x64 Middlewares\Third_Party\FreeRTOS\Source\portable\GCC\ARM_CM4F\port.o
                0x08001ab0                PendSV_Handler
 .text.vPortSetupTimerInterrupt
                0x08001b14       0x34 Middlewares\Third_Party\FreeRTOS\Source\portable\GCC\ARM_CM4F\port.o
                0x08001b14                vPortSetupTimerInterrupt
 .text.xPortStartScheduler
                0x08001b48      0x10c Middlewares\Third_Party\FreeRTOS\Source\portable\GCC\ARM_CM4F\port.o
                0x08001b48                xPortStartScheduler
 .text.vPortValidateInterruptPriority
                0x08001c54       0x5c Middlewares\Third_Party\FreeRTOS\Source\portable\GCC\ARM_CM4F\port.o
                0x08001c54                vPortValidateInterruptPriority
 .text.unlikely.prvInsertBlockIntoFreeList
                0x08001cb0       0x48 Middlewares\Third_Party\FreeRTOS\Source\portable\MemMang\heap_4.o
 .text.pvPortMalloc
                0x08001cf8      0x11c Middlewares\Third_Party\FreeRTOS\Source\portable\MemMang\heap_4.o
                0x08001cf8                pvPortMalloc
 .text.vPortFree
                0x08001e14       0x70 Middlewares\Third_Party\FreeRTOS\Source\portable\MemMang\heap_4.o
                0x08001e14                vPortFree
 .text.prvIsQueueEmpty
                0x08001e84       0x16 Middlewares\Third_Party\FreeRTOS\Source\queue.o
 .text.unlikely.prvCopyDataToQueue
                0x08001e9a       0x66 Middlewares\Third_Party\FreeRTOS\Source\queue.o
 .text.unlikely.prvCopyDataFromQueue
                0x08001f00       0x2a Middlewares\Third_Party\FreeRTOS\Source\queue.o
 .text.prvUnlockQueue
                0x08001f2a       0x70 Middlewares\Third_Party\FreeRTOS\Source\queue.o
 *fill*         0x08001f9a        0x2 
 .text.xQueueGenericReset
                0x08001f9c       0x80 Middlewares\Third_Party\FreeRTOS\Source\queue.o
                0x08001f9c                xQueueGenericReset
 .text.xQueueGenericCreateStatic
                0x0800201c       0x92 Middlewares\Third_Party\FreeRTOS\Source\queue.o
                0x0800201c                xQueueGenericCreateStatic
 *fill*         0x080020ae        0x2 
 .text.xQueueGenericSend
                0x080020b0      0x16c Middlewares\Third_Party\FreeRTOS\Source\queue.o
                0x080020b0                xQueueGenericSend
 .text.xQueueGenericSendFromISR
                0x0800221c       0xc4 Middlewares\Third_Party\FreeRTOS\Source\queue.o
                0x0800221c                xQueueGenericSendFromISR
 .text.xQueueReceive
                0x080022e0      0x148 Middlewares\Third_Party\FreeRTOS\Source\queue.o
                0x080022e0                xQueueReceive
 .text.vQueueAddToRegistry
                0x08002428       0x24 Middlewares\Third_Party\FreeRTOS\Source\queue.o
                0x08002428                vQueueAddToRegistry
 .text.vQueueWaitForMessageRestricted
                0x0800244c       0x46 Middlewares\Third_Party\FreeRTOS\Source\queue.o
                0x0800244c                vQueueWaitForMessageRestricted
 *fill*         0x08002492        0x2 
 .text.prvAddNewTaskToReadyList
                0x08002494       0xf8 Middlewares\Third_Party\FreeRTOS\Source\tasks.o
 .text.prvResetNextTaskUnblockTime
                0x0800258c       0x24 Middlewares\Third_Party\FreeRTOS\Source\tasks.o
 .text.prvInitialiseNewTask.isra.2
                0x080025b0       0x82 Middlewares\Third_Party\FreeRTOS\Source\tasks.o
 .text.prvDeleteTCB
                0x08002632       0x36 Middlewares\Third_Party\FreeRTOS\Source\tasks.o
 .text.prvIdleTask
                0x08002668       0x64 Middlewares\Third_Party\FreeRTOS\Source\tasks.o
 .text.prvAddCurrentTaskToDelayedList
                0x080026cc       0x74 Middlewares\Third_Party\FreeRTOS\Source\tasks.o
 .text.xTaskCreateStatic
                0x08002740       0x6e Middlewares\Third_Party\FreeRTOS\Source\tasks.o
                0x08002740                xTaskCreateStatic
 .text.xTaskCreate
                0x080027ae       0x5a Middlewares\Third_Party\FreeRTOS\Source\tasks.o
                0x080027ae                xTaskCreate
 .text.vTaskStartScheduler
                0x08002808       0x88 Middlewares\Third_Party\FreeRTOS\Source\tasks.o
                0x08002808                vTaskStartScheduler
 .text.vTaskSuspendAll
                0x08002890       0x10 Middlewares\Third_Party\FreeRTOS\Source\tasks.o
                0x08002890                vTaskSuspendAll
 .text.xTaskGetTickCount
                0x080028a0        0xc Middlewares\Third_Party\FreeRTOS\Source\tasks.o
                0x080028a0                xTaskGetTickCount
 .text.xTaskIncrementTick
                0x080028ac      0x120 Middlewares\Third_Party\FreeRTOS\Source\tasks.o
                0x080028ac                xTaskIncrementTick
 .text.xTaskResumeAll
                0x080029cc       0xe8 Middlewares\Third_Party\FreeRTOS\Source\tasks.o
                0x080029cc                xTaskResumeAll
 .text.vTaskDelay
                0x08002ab4       0x48 Middlewares\Third_Party\FreeRTOS\Source\tasks.o
                0x08002ab4                vTaskDelay
 .text.vTaskSwitchContext
                0x08002afc       0x78 Middlewares\Third_Party\FreeRTOS\Source\tasks.o
                0x08002afc                vTaskSwitchContext
 .text.vTaskPlaceOnEventList
                0x08002b74       0x34 Middlewares\Third_Party\FreeRTOS\Source\tasks.o
                0x08002b74                vTaskPlaceOnEventList
 .text.vTaskPlaceOnEventListRestricted
                0x08002ba8       0x3c Middlewares\Third_Party\FreeRTOS\Source\tasks.o
                0x08002ba8                vTaskPlaceOnEventListRestricted
 .text.xTaskRemoveFromEventList
                0x08002be4       0x80 Middlewares\Third_Party\FreeRTOS\Source\tasks.o
                0x08002be4                xTaskRemoveFromEventList
 .text.vTaskInternalSetTimeOutState
                0x08002c64       0x18 Middlewares\Third_Party\FreeRTOS\Source\tasks.o
                0x08002c64                vTaskInternalSetTimeOutState
 .text.xTaskCheckForTimeOut
                0x08002c7c       0x78 Middlewares\Third_Party\FreeRTOS\Source\tasks.o
                0x08002c7c                xTaskCheckForTimeOut
 .text.vTaskMissedYield
                0x08002cf4        0xc Middlewares\Third_Party\FreeRTOS\Source\tasks.o
                0x08002cf4                vTaskMissedYield
 .text.xTaskGetSchedulerState
                0x08002d00       0x20 Middlewares\Third_Party\FreeRTOS\Source\tasks.o
                0x08002d00                xTaskGetSchedulerState
 .text.xTaskPriorityDisinherit
                0x08002d20       0x84 Middlewares\Third_Party\FreeRTOS\Source\tasks.o
                0x08002d20                xTaskPriorityDisinherit
 .text.prvCheckForValidListAndQueue
                0x08002da4       0x68 Middlewares\Third_Party\FreeRTOS\Source\timers.o
 .text.prvInsertTimerInActiveList
                0x08002e0c       0x3c Middlewares\Third_Party\FreeRTOS\Source\timers.o
 .text.xTimerCreateTimerTask
                0x08002e48       0x68 Middlewares\Third_Party\FreeRTOS\Source\timers.o
                0x08002e48                xTimerCreateTimerTask
 .text.xTimerGenericCommand
                0x08002eb0       0x58 Middlewares\Third_Party\FreeRTOS\Source\timers.o
                0x08002eb0                xTimerGenericCommand
 .text.prvSwitchTimerLists
                0x08002f08       0x7c Middlewares\Third_Party\FreeRTOS\Source\timers.o
 .text.prvTimerTask
                0x08002f84      0x1d4 Middlewares\Third_Party\FreeRTOS\Source\timers.o
 .text.StartDefaultTask
                0x08003158        0xa Src\main.o
                0x08003158                StartDefaultTask
 *fill*         0x08003162        0x2 
 .text.SystemClock_Config
                0x08003164       0x80 Src\main.o
                0x08003164                SystemClock_Config
 .text.startup.main
                0x080031e4      0x248 Src\main.o
                0x080031e4                main
 .text.HAL_MspInit
                0x0800342c       0x44 Src\stm32f4xx_hal_msp.o
                0x0800342c                HAL_MspInit
 .text.HAL_ADC_MspInit
                0x08003470       0xb4 Src\stm32f4xx_hal_msp.o
                0x08003470                HAL_ADC_MspInit
 .text.HAL_CAN_MspInit
                0x08003524       0x6c Src\stm32f4xx_hal_msp.o
                0x08003524                HAL_CAN_MspInit
 .text.HAL_TIM_PWM_MspInit
                0x08003590       0x74 Src\stm32f4xx_hal_msp.o
                0x08003590                HAL_TIM_PWM_MspInit
 .text.HAL_TIM_MspPostInit
                0x08003604       0xb0 Src\stm32f4xx_hal_msp.o
                0x08003604                HAL_TIM_MspPostInit
 .text.HAL_UART_MspInit
                0x080036b4       0x70 Src\stm32f4xx_hal_msp.o
                0x080036b4                HAL_UART_MspInit
 .text.NMI_Handler
                0x08003724        0x2 Src\stm32f4xx_it.o
                0x08003724                NMI_Handler
 .text.HardFault_Handler
                0x08003726        0x2 Src\stm32f4xx_it.o
                0x08003726                HardFault_Handler
 .text.MemManage_Handler
                0x08003728        0x2 Src\stm32f4xx_it.o
                0x08003728                MemManage_Handler
 .text.BusFault_Handler
                0x0800372a        0x2 Src\stm32f4xx_it.o
                0x0800372a                BusFault_Handler
 .text.UsageFault_Handler
                0x0800372c        0x2 Src\stm32f4xx_it.o
                0x0800372c                UsageFault_Handler
 .text.DebugMon_Handler
                0x0800372e        0x2 Src\stm32f4xx_it.o
                0x0800372e                DebugMon_Handler
 .text.SysTick_Handler
                0x08003730        0x4 Src\stm32f4xx_it.o
                0x08003730                SysTick_Handler
 .text.SystemInit
                0x08003734       0x4c Src\system_stm32f4xx.o
                0x08003734                SystemInit
 .text.Reset_Handler
                0x08003780       0x50 startup\startup_stm32f446xx.o
                0x08003780                Reset_Handler
 .text.Default_Handler
                0x080037d0        0x2 startup\startup_stm32f446xx.o
                0x080037d0                RTC_Alarm_IRQHandler
                0x080037d0                EXTI2_IRQHandler
                0x080037d0                TIM8_CC_IRQHandler
                0x080037d0                FMPI2C1_EV_IRQHandler
                0x080037d0                SPI4_IRQHandler
                0x080037d0                TIM1_CC_IRQHandler
                0x080037d0                DMA2_Stream5_IRQHandler
                0x080037d0                DMA1_Stream5_IRQHandler
                0x080037d0                PVD_IRQHandler
                0x080037d0                SDIO_IRQHandler
                0x080037d0                TAMP_STAMP_IRQHandler
                0x080037d0                CAN2_RX1_IRQHandler
                0x080037d0                EXTI3_IRQHandler
                0x080037d0                TIM8_TRG_COM_TIM14_IRQHandler
                0x080037d0                TIM1_UP_TIM10_IRQHandler
                0x080037d0                TIM8_UP_TIM13_IRQHandler
                0x080037d0                I2C3_ER_IRQHandler
                0x080037d0                EXTI0_IRQHandler
                0x080037d0                I2C2_EV_IRQHandler
                0x080037d0                DMA1_Stream2_IRQHandler
                0x080037d0                CAN1_RX0_IRQHandler
                0x080037d0                FPU_IRQHandler
                0x080037d0                OTG_HS_WKUP_IRQHandler
                0x080037d0                CAN2_SCE_IRQHandler
                0x080037d0                DMA2_Stream2_IRQHandler
                0x080037d0                SPI1_IRQHandler
                0x080037d0                TIM6_DAC_IRQHandler
                0x080037d0                TIM1_BRK_TIM9_IRQHandler
                0x080037d0                DCMI_IRQHandler
                0x080037d0                CAN2_RX0_IRQHandler
                0x080037d0                DMA2_Stream3_IRQHandler
                0x080037d0                SAI2_IRQHandler
                0x080037d0                USART6_IRQHandler
                0x080037d0                USART3_IRQHandler
                0x080037d0                CAN1_RX1_IRQHandler
                0x080037d0                UART5_IRQHandler
                0x080037d0                DMA2_Stream0_IRQHandler
                0x080037d0                TIM4_IRQHandler
                0x080037d0                QUADSPI_IRQHandler
                0x080037d0                I2C1_EV_IRQHandler
                0x080037d0                DMA1_Stream6_IRQHandler
                0x080037d0                DMA1_Stream1_IRQHandler
                0x080037d0                UART4_IRQHandler
                0x080037d0                TIM3_IRQHandler
                0x080037d0                RCC_IRQHandler
                0x080037d0                TIM8_BRK_TIM12_IRQHandler
                0x080037d0                Default_Handler
                0x080037d0                CEC_IRQHandler
                0x080037d0                EXTI15_10_IRQHandler
                0x080037d0                ADC_IRQHandler
                0x080037d0                DMA1_Stream7_IRQHandler
                0x080037d0                TIM7_IRQHandler
                0x080037d0                CAN2_TX_IRQHandler
                0x080037d0                TIM5_IRQHandler
                0x080037d0                DMA2_Stream7_IRQHandler
                0x080037d0                I2C3_EV_IRQHandler
                0x080037d0                EXTI9_5_IRQHandler
                0x080037d0                RTC_WKUP_IRQHandler
                0x080037d0                SPDIF_RX_IRQHandler
                0x080037d0                SPI2_IRQHandler
                0x080037d0                OTG_HS_EP1_IN_IRQHandler
                0x080037d0                DMA1_Stream0_IRQHandler
                0x080037d0                CAN1_TX_IRQHandler
                0x080037d0                FMPI2C1_ER_IRQHandler
                0x080037d0                EXTI4_IRQHandler
                0x080037d0                OTG_HS_EP1_OUT_IRQHandler
                0x080037d0                WWDG_IRQHandler
                0x080037d0                TIM2_IRQHandler
                0x080037d0                OTG_FS_WKUP_IRQHandler
                0x080037d0                TIM1_TRG_COM_TIM11_IRQHandler
                0x080037d0                OTG_HS_IRQHandler
                0x080037d0                EXTI1_IRQHandler
                0x080037d0                USART2_IRQHandler
                0x080037d0                I2C2_ER_IRQHandler
                0x080037d0                DMA2_Stream1_IRQHandler
                0x080037d0                CAN1_SCE_IRQHandler
                0x080037d0                FLASH_IRQHandler
                0x080037d0                DMA2_Stream4_IRQHandler
                0x080037d0                USART1_IRQHandler
                0x080037d0                OTG_FS_IRQHandler
                0x080037d0                SPI3_IRQHandler
                0x080037d0                DMA1_Stream4_IRQHandler
                0x080037d0                I2C1_ER_IRQHandler
                0x080037d0                FMC_IRQHandler
                0x080037d0                DMA2_Stream6_IRQHandler
                0x080037d0                SAI1_IRQHandler
                0x080037d0                DMA1_Stream3_IRQHandler
 *fill*         0x080037d2        0x2 
 .text.__libc_init_array
                0x080037d4       0x48 d:/archivos de programa/atollic/truestudio for stm32 9.3.0/armtools/bin/../lib/gcc/arm-atollic-eabi/6.3.1/../../../../arm-atollic-eabi/lib/armv7e-m/fpu\libc_nano.a(lib_a-init.o)
                0x080037d4                __libc_init_array
 .text.memcpy   0x0800381c       0x16 d:/archivos de programa/atollic/truestudio for stm32 9.3.0/armtools/bin/../lib/gcc/arm-atollic-eabi/6.3.1/../../../../arm-atollic-eabi/lib/armv7e-m/fpu\libc_nano.a(lib_a-memcpy-stub.o)
                0x0800381c                memcpy
 .text.memset   0x08003832       0x10 d:/archivos de programa/atollic/truestudio for stm32 9.3.0/armtools/bin/../lib/gcc/arm-atollic-eabi/6.3.1/../../../../arm-atollic-eabi/lib/armv7e-m/fpu\libc_nano.a(lib_a-memset.o)
                0x08003832                memset
 *(.glue_7)
 .glue_7        0x08003842        0x0 linker stubs
 *(.glue_7t)
 .glue_7t       0x08003842        0x0 linker stubs
 *(.eh_frame)
 *fill*         0x08003842        0x2 
 .eh_frame      0x08003844        0x0 d:/archivos de programa/atollic/truestudio for stm32 9.3.0/armtools/bin/../lib/gcc/arm-atollic-eabi/6.3.1/armv7e-m/fpu/crtbegin.o
 *(.init)
 .init          0x08003844        0x4 d:/archivos de programa/atollic/truestudio for stm32 9.3.0/armtools/bin/../lib/gcc/arm-atollic-eabi/6.3.1/armv7e-m/fpu/crti.o
                0x08003844                _init
 .init          0x08003848        0x8 d:/archivos de programa/atollic/truestudio for stm32 9.3.0/armtools/bin/../lib/gcc/arm-atollic-eabi/6.3.1/armv7e-m/fpu/crtn.o
 *(.fini)
 .fini          0x08003850        0x4 d:/archivos de programa/atollic/truestudio for stm32 9.3.0/armtools/bin/../lib/gcc/arm-atollic-eabi/6.3.1/armv7e-m/fpu/crti.o
                0x08003850                _fini
 .fini          0x08003854        0x8 d:/archivos de programa/atollic/truestudio for stm32 9.3.0/armtools/bin/../lib/gcc/arm-atollic-eabi/6.3.1/armv7e-m/fpu/crtn.o
                0x0800385c                . = ALIGN (0x4)
                0x0800385c                _etext = .

.vfp11_veneer   0x0800385c        0x0
 .vfp11_veneer  0x0800385c        0x0 linker stubs

.v4_bx          0x0800385c        0x0
 .v4_bx         0x0800385c        0x0 linker stubs

.iplt           0x0800385c        0x0
 .iplt          0x0800385c        0x0 d:/archivos de programa/atollic/truestudio for stm32 9.3.0/armtools/bin/../lib/gcc/arm-atollic-eabi/6.3.1/armv7e-m/fpu/crtbegin.o

.rodata         0x0800385c       0x38
                0x0800385c                . = ALIGN (0x4)
 *(.rodata)
 *(.rodata*)
 .rodata.vTaskStartScheduler.str1.1
                0x0800385c        0x5 Middlewares\Third_Party\FreeRTOS\Source\tasks.o
 .rodata.prvCheckForValidListAndQueue.str1.1
                0x08003861        0x5 Middlewares\Third_Party\FreeRTOS\Source\timers.o
 .rodata.xTimerCreateTimerTask.str1.1
                0x08003866        0x8 Middlewares\Third_Party\FreeRTOS\Source\timers.o
 .rodata.main.str1.1
                0x0800386e        0xc Src\main.o
 .rodata.AHBPrescTable
                0x0800387a       0x10 Src\system_stm32f4xx.o
                0x0800387a                AHBPrescTable
 .rodata.APBPrescTable
                0x0800388a        0x8 Src\system_stm32f4xx.o
                0x0800388a                APBPrescTable
                0x08003894                . = ALIGN (0x4)
 *fill*         0x08003892        0x2 

.ARM.extab
 *(.ARM.extab* .gnu.linkonce.armextab.*)

.ARM            0x08003894        0x8
                0x08003894                __exidx_start = .
 *(.ARM.exidx*)
 .ARM.exidx     0x08003894        0x8 d:/archivos de programa/atollic/truestudio for stm32 9.3.0/armtools/bin/../lib/gcc/arm-atollic-eabi/6.3.1/armv7e-m/fpu\libgcc.a(_udivmoddi4.o)
                0x0800389c                __exidx_end = .

.rel.dyn        0x0800389c        0x0
 .rel.iplt      0x0800389c        0x0 d:/archivos de programa/atollic/truestudio for stm32 9.3.0/armtools/bin/../lib/gcc/arm-atollic-eabi/6.3.1/armv7e-m/fpu/crtbegin.o

.preinit_array  0x0800389c        0x0
                0x0800389c                PROVIDE (__preinit_array_start, .)
 *(.preinit_array*)
                0x0800389c                PROVIDE (__preinit_array_end, .)

.init_array     0x0800389c        0x4
                0x0800389c                PROVIDE (__init_array_start, .)
 *(SORT(.init_array.*))
 *(.init_array*)
 .init_array    0x0800389c        0x4 d:/archivos de programa/atollic/truestudio for stm32 9.3.0/armtools/bin/../lib/gcc/arm-atollic-eabi/6.3.1/armv7e-m/fpu/crtbegin.o
                0x080038a0                PROVIDE (__init_array_end, .)

.fini_array     0x080038a0        0x4
                [!provide]                PROVIDE (__fini_array_start, .)
 *(SORT(.fini_array.*))
 *(.fini_array*)
 .fini_array    0x080038a0        0x4 d:/archivos de programa/atollic/truestudio for stm32 9.3.0/armtools/bin/../lib/gcc/arm-atollic-eabi/6.3.1/armv7e-m/fpu/crtbegin.o
                [!provide]                PROVIDE (__fini_array_end, .)
                0x080038a4                _sidata = LOADADDR (.data)

.data           0x20000000       0x10 load address 0x080038a4
                0x20000000                . = ALIGN (0x4)
                0x20000000                _sdata = .
 *(.data)
 *(.data*)
 .data.uwTickFreq
                0x20000000        0x1 Drivers\STM32F4xx_HAL_Driver\Src\stm32f4xx_hal.o
                0x20000000                uwTickFreq
 *fill*         0x20000001        0x3 
 .data.uwTickPrio
                0x20000004        0x4 Drivers\STM32F4xx_HAL_Driver\Src\stm32f4xx_hal.o
                0x20000004                uwTickPrio
 .data.uxCriticalNesting
                0x20000008        0x4 Middlewares\Third_Party\FreeRTOS\Source\portable\GCC\ARM_CM4F\port.o
 .data.SystemCoreClock
                0x2000000c        0x4 Src\system_stm32f4xx.o
                0x2000000c                SystemCoreClock
                0x20000010                . = ALIGN (0x4)
                0x20000010                _edata = .

.igot.plt       0x20000010        0x0 load address 0x080038b4
 .igot.plt      0x20000010        0x0 d:/archivos de programa/atollic/truestudio for stm32 9.3.0/armtools/bin/../lib/gcc/arm-atollic-eabi/6.3.1/armv7e-m/fpu/crtbegin.o
                0x20000010                . = ALIGN (0x4)

.bss            0x20000010     0x4a98 load address 0x080038b4
                0x20000010                _sbss = .
                0x20000010                __bss_start__ = _sbss
 *(.bss)
 .bss           0x20000010       0x1c d:/archivos de programa/atollic/truestudio for stm32 9.3.0/armtools/bin/../lib/gcc/arm-atollic-eabi/6.3.1/armv7e-m/fpu/crtbegin.o
 *(.bss*)
 .bss.Idle_Stack
                0x2000002c      0x200 Middlewares\Third_Party\FreeRTOS\Source\CMSIS_RTOS_V2\cmsis_os2.o
 .bss.Idle_TCB  0x2000022c       0x54 Middlewares\Third_Party\FreeRTOS\Source\CMSIS_RTOS_V2\cmsis_os2.o
 .bss.KernelState
                0x20000280        0x4 Middlewares\Third_Party\FreeRTOS\Source\CMSIS_RTOS_V2\cmsis_os2.o
 .bss.Timer_Stack
                0x20000284      0x400 Middlewares\Third_Party\FreeRTOS\Source\CMSIS_RTOS_V2\cmsis_os2.o
 .bss.Timer_TCB
                0x20000684       0x54 Middlewares\Third_Party\FreeRTOS\Source\CMSIS_RTOS_V2\cmsis_os2.o
 .bss.ucMaxSysCallPriority
                0x200006d8        0x1 Middlewares\Third_Party\FreeRTOS\Source\portable\GCC\ARM_CM4F\port.o
 *fill*         0x200006d9        0x3 
 .bss.ulMaxPRIGROUPValue
                0x200006dc        0x4 Middlewares\Third_Party\FreeRTOS\Source\portable\GCC\ARM_CM4F\port.o
 .bss.pxEnd     0x200006e0        0x4 Middlewares\Third_Party\FreeRTOS\Source\portable\MemMang\heap_4.o
 .bss.ucHeap    0x200006e4     0x3c00 Middlewares\Third_Party\FreeRTOS\Source\portable\MemMang\heap_4.o
 .bss.xBlockAllocatedBit
                0x200042e4        0x4 Middlewares\Third_Party\FreeRTOS\Source\portable\MemMang\heap_4.o
 .bss.xFreeBytesRemaining
                0x200042e8        0x4 Middlewares\Third_Party\FreeRTOS\Source\portable\MemMang\heap_4.o
 .bss.xMinimumEverFreeBytesRemaining
                0x200042ec        0x4 Middlewares\Third_Party\FreeRTOS\Source\portable\MemMang\heap_4.o
 .bss.xStart    0x200042f0        0x8 Middlewares\Third_Party\FreeRTOS\Source\portable\MemMang\heap_4.o
 .bss.pxCurrentTCB
                0x200042f8        0x4 Middlewares\Third_Party\FreeRTOS\Source\tasks.o
                0x200042f8                pxCurrentTCB
 .bss.pxDelayedTaskList
                0x200042fc        0x4 Middlewares\Third_Party\FreeRTOS\Source\tasks.o
 .bss.pxOverflowDelayedTaskList
                0x20004300        0x4 Middlewares\Third_Party\FreeRTOS\Source\tasks.o
 .bss.pxReadyTasksLists
                0x20004304      0x460 Middlewares\Third_Party\FreeRTOS\Source\tasks.o
 .bss.uxCurrentNumberOfTasks
                0x20004764        0x4 Middlewares\Third_Party\FreeRTOS\Source\tasks.o
 .bss.uxDeletedTasksWaitingCleanUp
                0x20004768        0x4 Middlewares\Third_Party\FreeRTOS\Source\tasks.o
 .bss.uxPendedTicks
                0x2000476c        0x4 Middlewares\Third_Party\FreeRTOS\Source\tasks.o
 .bss.uxSchedulerSuspended
                0x20004770        0x4 Middlewares\Third_Party\FreeRTOS\Source\tasks.o
 .bss.uxTaskNumber
                0x20004774        0x4 Middlewares\Third_Party\FreeRTOS\Source\tasks.o
 .bss.uxTopReadyPriority
                0x20004778        0x4 Middlewares\Third_Party\FreeRTOS\Source\tasks.o
 .bss.xDelayedTaskList1
                0x2000477c       0x14 Middlewares\Third_Party\FreeRTOS\Source\tasks.o
 .bss.xDelayedTaskList2
                0x20004790       0x14 Middlewares\Third_Party\FreeRTOS\Source\tasks.o
 .bss.xNextTaskUnblockTime
                0x200047a4        0x4 Middlewares\Third_Party\FreeRTOS\Source\tasks.o
 .bss.xNumOfOverflows
                0x200047a8        0x4 Middlewares\Third_Party\FreeRTOS\Source\tasks.o
 .bss.xPendingReadyList
                0x200047ac       0x14 Middlewares\Third_Party\FreeRTOS\Source\tasks.o
 .bss.xSchedulerRunning
                0x200047c0        0x4 Middlewares\Third_Party\FreeRTOS\Source\tasks.o
 .bss.xSuspendedTaskList
                0x200047c4       0x14 Middlewares\Third_Party\FreeRTOS\Source\tasks.o
 .bss.xTasksWaitingTermination
                0x200047d8       0x14 Middlewares\Third_Party\FreeRTOS\Source\tasks.o
 .bss.xTickCount
                0x200047ec        0x4 Middlewares\Third_Party\FreeRTOS\Source\tasks.o
 .bss.xYieldPending
                0x200047f0        0x4 Middlewares\Third_Party\FreeRTOS\Source\tasks.o
 .bss.pxCurrentTimerList
                0x200047f4        0x4 Middlewares\Third_Party\FreeRTOS\Source\timers.o
 .bss.pxOverflowTimerList
                0x200047f8        0x4 Middlewares\Third_Party\FreeRTOS\Source\timers.o
 .bss.ucStaticTimerQueueStorage.6621
                0x200047fc       0x78 Middlewares\Third_Party\FreeRTOS\Source\timers.o
 .bss.xActiveTimerList1
                0x20004874       0x14 Middlewares\Third_Party\FreeRTOS\Source\timers.o
 .bss.xActiveTimerList2
                0x20004888       0x14 Middlewares\Third_Party\FreeRTOS\Source\timers.o
 .bss.xLastTime.6572
                0x2000489c        0x4 Middlewares\Third_Party\FreeRTOS\Source\timers.o
 .bss.xStaticTimerQueue.6620
                0x200048a0       0x48 Middlewares\Third_Party\FreeRTOS\Source\timers.o
 .bss.xTimerQueue
                0x200048e8        0x4 Middlewares\Third_Party\FreeRTOS\Source\timers.o
 .bss.xTimerTaskHandle
                0x200048ec        0x4 Middlewares\Third_Party\FreeRTOS\Source\timers.o
 *(COMMON)
 COMMON         0x200048f0        0x4 Drivers\STM32F4xx_HAL_Driver\Src\stm32f4xx_hal.o
                0x200048f0                uwTick
 COMMON         0x200048f4       0x40 Middlewares\Third_Party\FreeRTOS\Source\queue.o
                0x200048f4                xQueueRegistry
 COMMON         0x20004934      0x174 Src\main.o
                0x20004934                defaultTaskHandle
                0x20004938                htim3
                0x20004978                hadc1
                0x200049c0                htim1
                0x20004a00                huart4
                0x20004a40                htim2
                0x20004a80                hcan1
                0x20004aa8                . = ALIGN (0x4)
                0x20004aa8                _ebss = .
                0x20004aa8                __bss_end__ = _ebss

._user_heap_stack
                0x20004aa8      0x600 load address 0x080038b4
                0x20004aa8                . = ALIGN (0x4)
                0x20004aa8                PROVIDE (end, .)
                [!provide]                PROVIDE (_end, .)
                0x20004ca8                . = (. + _Min_Heap_Size)
 *fill*         0x20004aa8      0x200 
                0x200050a8                . = (. + _Min_Stack_Size)
 *fill*         0x20004ca8      0x400 
                0x200050a8                . = ALIGN (0x4)

/DISCARD/
 libc.a(*)
 libm.a(*)
 libgcc.a(*)

.ARM.attributes
                0x00000000       0x30
 *(.ARM.attributes)
 .ARM.attributes
                0x00000000       0x22 d:/archivos de programa/atollic/truestudio for stm32 9.3.0/armtools/bin/../lib/gcc/arm-atollic-eabi/6.3.1/armv7e-m/fpu/crti.o
 .ARM.attributes
                0x00000022       0x34 d:/archivos de programa/atollic/truestudio for stm32 9.3.0/armtools/bin/../lib/gcc/arm-atollic-eabi/6.3.1/armv7e-m/fpu/crtbegin.o
 .ARM.attributes
                0x00000056       0x39 Drivers\STM32F4xx_HAL_Driver\Src\stm32f4xx_hal.o
 .ARM.attributes
                0x0000008f       0x39 Drivers\STM32F4xx_HAL_Driver\Src\stm32f4xx_hal_adc.o
 .ARM.attributes
                0x000000c8       0x39 Drivers\STM32F4xx_HAL_Driver\Src\stm32f4xx_hal_can.o
 .ARM.attributes
                0x00000101       0x39 Drivers\STM32F4xx_HAL_Driver\Src\stm32f4xx_hal_cortex.o
 .ARM.attributes
                0x0000013a       0x39 Drivers\STM32F4xx_HAL_Driver\Src\stm32f4xx_hal_gpio.o
 .ARM.attributes
                0x00000173       0x39 Drivers\STM32F4xx_HAL_Driver\Src\stm32f4xx_hal_rcc.o
 .ARM.attributes
                0x000001ac       0x39 Drivers\STM32F4xx_HAL_Driver\Src\stm32f4xx_hal_rcc_ex.o
 .ARM.attributes
                0x000001e5       0x39 Drivers\STM32F4xx_HAL_Driver\Src\stm32f4xx_hal_tim.o
 .ARM.attributes
                0x0000021e       0x39 Drivers\STM32F4xx_HAL_Driver\Src\stm32f4xx_hal_tim_ex.o
 .ARM.attributes
                0x00000257       0x39 Drivers\STM32F4xx_HAL_Driver\Src\stm32f4xx_hal_uart.o
 .ARM.attributes
                0x00000290       0x39 Middlewares\Third_Party\FreeRTOS\Source\CMSIS_RTOS_V2\cmsis_os2.o
 .ARM.attributes
                0x000002c9       0x39 Middlewares\Third_Party\FreeRTOS\Source\list.o
 .ARM.attributes
                0x00000302       0x39 Middlewares\Third_Party\FreeRTOS\Source\portable\GCC\ARM_CM4F\port.o
 .ARM.attributes
                0x0000033b       0x39 Middlewares\Third_Party\FreeRTOS\Source\portable\MemMang\heap_4.o
 .ARM.attributes
                0x00000374       0x39 Middlewares\Third_Party\FreeRTOS\Source\queue.o
 .ARM.attributes
                0x000003ad       0x39 Middlewares\Third_Party\FreeRTOS\Source\tasks.o
 .ARM.attributes
                0x000003e6       0x39 Middlewares\Third_Party\FreeRTOS\Source\timers.o
 .ARM.attributes
                0x0000041f       0x39 Src\main.o
 .ARM.attributes
                0x00000458       0x39 Src\stm32f4xx_hal_msp.o
 .ARM.attributes
                0x00000491       0x39 Src\stm32f4xx_it.o
 .ARM.attributes
                0x000004ca       0x39 Src\system_stm32f4xx.o
 .ARM.attributes
                0x00000503       0x21 startup\startup_stm32f446xx.o
 .ARM.attributes
                0x00000524       0x34 d:/archivos de programa/atollic/truestudio for stm32 9.3.0/armtools/bin/../lib/gcc/arm-atollic-eabi/6.3.1/../../../../arm-atollic-eabi/lib/armv7e-m/fpu\libc_nano.a(lib_a-init.o)
 .ARM.attributes
                0x00000558       0x34 d:/archivos de programa/atollic/truestudio for stm32 9.3.0/armtools/bin/../lib/gcc/arm-atollic-eabi/6.3.1/../../../../arm-atollic-eabi/lib/armv7e-m/fpu\libc_nano.a(lib_a-memcpy-stub.o)
 .ARM.attributes
                0x0000058c       0x34 d:/archivos de programa/atollic/truestudio for stm32 9.3.0/armtools/bin/../lib/gcc/arm-atollic-eabi/6.3.1/../../../../arm-atollic-eabi/lib/armv7e-m/fpu\libc_nano.a(lib_a-memset.o)
 .ARM.attributes
                0x000005c0       0x22 d:/archivos de programa/atollic/truestudio for stm32 9.3.0/armtools/bin/../lib/gcc/arm-atollic-eabi/6.3.1/armv7e-m/fpu\libgcc.a(_aeabi_uldivmod.o)
 .ARM.attributes
                0x000005e2       0x34 d:/archivos de programa/atollic/truestudio for stm32 9.3.0/armtools/bin/../lib/gcc/arm-atollic-eabi/6.3.1/armv7e-m/fpu\libgcc.a(_udivmoddi4.o)
 .ARM.attributes
                0x00000616       0x22 d:/archivos de programa/atollic/truestudio for stm32 9.3.0/armtools/bin/../lib/gcc/arm-atollic-eabi/6.3.1/armv7e-m/fpu\libgcc.a(_dvmd_tls.o)
 .ARM.attributes
                0x00000638       0x22 d:/archivos de programa/atollic/truestudio for stm32 9.3.0/armtools/bin/../lib/gcc/arm-atollic-eabi/6.3.1/armv7e-m/fpu/crtn.o
OUTPUT(motorBoard.elf elf32-littlearm)

.debug_info     0x00000000    0x1ce70
 .debug_info    0x00000000      0xa41 Drivers\STM32F4xx_HAL_Driver\Src\stm32f4xx_hal.o
 .debug_info    0x00000a41      0xdb1 Drivers\STM32F4xx_HAL_Driver\Src\stm32f4xx_hal_adc.o
 .debug_info    0x000017f2     0x10ae Drivers\STM32F4xx_HAL_Driver\Src\stm32f4xx_hal_can.o
 .debug_info    0x000028a0      0xf57 Drivers\STM32F4xx_HAL_Driver\Src\stm32f4xx_hal_cortex.o
 .debug_info    0x000037f7      0x7c3 Drivers\STM32F4xx_HAL_Driver\Src\stm32f4xx_hal_gpio.o
 .debug_info    0x00003fba      0xa97 Drivers\STM32F4xx_HAL_Driver\Src\stm32f4xx_hal_rcc.o
 .debug_info    0x00004a51      0xbf2 Drivers\STM32F4xx_HAL_Driver\Src\stm32f4xx_hal_rcc_ex.o
 .debug_info    0x00005643     0x34cf Drivers\STM32F4xx_HAL_Driver\Src\stm32f4xx_hal_tim.o
 .debug_info    0x00008b12     0x12fe Drivers\STM32F4xx_HAL_Driver\Src\stm32f4xx_hal_tim_ex.o
 .debug_info    0x00009e10     0x16c9 Drivers\STM32F4xx_HAL_Driver\Src\stm32f4xx_hal_uart.o
 .debug_info    0x0000b4d9     0x495c Middlewares\Third_Party\FreeRTOS\Source\CMSIS_RTOS_V2\cmsis_os2.o
 .debug_info    0x0000fe35      0xac5 Middlewares\Third_Party\FreeRTOS\Source\list.o
 .debug_info    0x000108fa      0x572 Middlewares\Third_Party\FreeRTOS\Source\portable\GCC\ARM_CM4F\port.o
 .debug_info    0x00010e6c      0xca5 Middlewares\Third_Party\FreeRTOS\Source\portable\MemMang\heap_4.o
 .debug_info    0x00011b11     0x2b80 Middlewares\Third_Party\FreeRTOS\Source\queue.o
 .debug_info    0x00014691     0x2e95 Middlewares\Third_Party\FreeRTOS\Source\tasks.o
 .debug_info    0x00017526     0x1e8a Middlewares\Third_Party\FreeRTOS\Source\timers.o
 .debug_info    0x000193b0     0x1b85 Src\main.o
 .debug_info    0x0001af35     0x17ef Src\stm32f4xx_hal_msp.o
 .debug_info    0x0001c724      0x1b0 Src\stm32f4xx_it.o
 .debug_info    0x0001c8d4      0x53e Src\system_stm32f4xx.o
 .debug_info    0x0001ce12       0x5e startup\startup_stm32f446xx.o

.debug_abbrev   0x00000000     0x3993
 .debug_abbrev  0x00000000      0x23d Drivers\STM32F4xx_HAL_Driver\Src\stm32f4xx_hal.o
 .debug_abbrev  0x0000023d      0x2bf Drivers\STM32F4xx_HAL_Driver\Src\stm32f4xx_hal_adc.o
 .debug_abbrev  0x000004fc      0x2c4 Drivers\STM32F4xx_HAL_Driver\Src\stm32f4xx_hal_can.o
 .debug_abbrev  0x000007c0      0x314 Drivers\STM32F4xx_HAL_Driver\Src\stm32f4xx_hal_cortex.o
 .debug_abbrev  0x00000ad4      0x1ef Drivers\STM32F4xx_HAL_Driver\Src\stm32f4xx_hal_gpio.o
 .debug_abbrev  0x00000cc3      0x2cb Drivers\STM32F4xx_HAL_Driver\Src\stm32f4xx_hal_rcc.o
 .debug_abbrev  0x00000f8e      0x226 Drivers\STM32F4xx_HAL_Driver\Src\stm32f4xx_hal_rcc_ex.o
 .debug_abbrev  0x000011b4      0x324 Drivers\STM32F4xx_HAL_Driver\Src\stm32f4xx_hal_tim.o
 .debug_abbrev  0x000014d8      0x29c Drivers\STM32F4xx_HAL_Driver\Src\stm32f4xx_hal_tim_ex.o
 .debug_abbrev  0x00001774      0x2fb Drivers\STM32F4xx_HAL_Driver\Src\stm32f4xx_hal_uart.o
 .debug_abbrev  0x00001a6f      0x472 Middlewares\Third_Party\FreeRTOS\Source\CMSIS_RTOS_V2\cmsis_os2.o
 .debug_abbrev  0x00001ee1      0x1ea Middlewares\Third_Party\FreeRTOS\Source\list.o
 .debug_abbrev  0x000020cb      0x23a Middlewares\Third_Party\FreeRTOS\Source\portable\GCC\ARM_CM4F\port.o
 .debug_abbrev  0x00002305      0x314 Middlewares\Third_Party\FreeRTOS\Source\portable\MemMang\heap_4.o
 .debug_abbrev  0x00002619      0x404 Middlewares\Third_Party\FreeRTOS\Source\queue.o
 .debug_abbrev  0x00002a1d      0x41a Middlewares\Third_Party\FreeRTOS\Source\tasks.o
 .debug_abbrev  0x00002e37      0x3c1 Middlewares\Third_Party\FreeRTOS\Source\timers.o
 .debug_abbrev  0x000031f8      0x313 Src\main.o
 .debug_abbrev  0x0000350b      0x26e Src\stm32f4xx_hal_msp.o
 .debug_abbrev  0x00003779       0xfa Src\stm32f4xx_it.o
 .debug_abbrev  0x00003873      0x10e Src\system_stm32f4xx.o
 .debug_abbrev  0x00003981       0x12 startup\startup_stm32f446xx.o

.debug_loc      0x00000000     0xdc15
 .debug_loc     0x00000000      0x11b Drivers\STM32F4xx_HAL_Driver\Src\stm32f4xx_hal.o
 .debug_loc     0x0000011b      0x7d3 Drivers\STM32F4xx_HAL_Driver\Src\stm32f4xx_hal_adc.o
 .debug_loc     0x000008ee      0xa46 Drivers\STM32F4xx_HAL_Driver\Src\stm32f4xx_hal_can.o
 .debug_loc     0x00001334      0x4fb Drivers\STM32F4xx_HAL_Driver\Src\stm32f4xx_hal_cortex.o
 .debug_loc     0x0000182f      0x378 Drivers\STM32F4xx_HAL_Driver\Src\stm32f4xx_hal_gpio.o
 .debug_loc     0x00001ba7      0x336 Drivers\STM32F4xx_HAL_Driver\Src\stm32f4xx_hal_rcc.o
 .debug_loc     0x00001edd      0xa31 Drivers\STM32F4xx_HAL_Driver\Src\stm32f4xx_hal_rcc_ex.o
 .debug_loc     0x0000290e     0x3009 Drivers\STM32F4xx_HAL_Driver\Src\stm32f4xx_hal_tim.o
 .debug_loc     0x00005917      0xa7c Drivers\STM32F4xx_HAL_Driver\Src\stm32f4xx_hal_tim_ex.o
 .debug_loc     0x00006393     0x1335 Drivers\STM32F4xx_HAL_Driver\Src\stm32f4xx_hal_uart.o
 .debug_loc     0x000076c8     0x2b14 Middlewares\Third_Party\FreeRTOS\Source\CMSIS_RTOS_V2\cmsis_os2.o
 .debug_loc     0x0000a1dc       0x94 Middlewares\Third_Party\FreeRTOS\Source\list.o
 .debug_loc     0x0000a270       0xcf Middlewares\Third_Party\FreeRTOS\Source\portable\GCC\ARM_CM4F\port.o
 .debug_loc     0x0000a33f      0x390 Middlewares\Third_Party\FreeRTOS\Source\portable\MemMang\heap_4.o
 .debug_loc     0x0000a6cf     0x13db Middlewares\Third_Party\FreeRTOS\Source\queue.o
 .debug_loc     0x0000baaa     0x14bc Middlewares\Third_Party\FreeRTOS\Source\tasks.o
 .debug_loc     0x0000cf66      0xa4c Middlewares\Third_Party\FreeRTOS\Source\timers.o
 .debug_loc     0x0000d9b2       0x21 Src\main.o
 .debug_loc     0x0000d9d3      0x126 Src\stm32f4xx_hal_msp.o
 .debug_loc     0x0000daf9      0x11c Src\system_stm32f4xx.o

.debug_aranges  0x00000000     0x10e8
 .debug_aranges
                0x00000000       0xe8 Drivers\STM32F4xx_HAL_Driver\Src\stm32f4xx_hal.o
 .debug_aranges
                0x000000e8       0xb8 Drivers\STM32F4xx_HAL_Driver\Src\stm32f4xx_hal_adc.o
 .debug_aranges
                0x000001a0       0xc8 Drivers\STM32F4xx_HAL_Driver\Src\stm32f4xx_hal_can.o
 .debug_aranges
                0x00000268       0xa8 Drivers\STM32F4xx_HAL_Driver\Src\stm32f4xx_hal_cortex.o
 .debug_aranges
                0x00000310       0x58 Drivers\STM32F4xx_HAL_Driver\Src\stm32f4xx_hal_gpio.o
 .debug_aranges
                0x00000368       0x88 Drivers\STM32F4xx_HAL_Driver\Src\stm32f4xx_hal_rcc.o
 .debug_aranges
                0x000003f0       0x78 Drivers\STM32F4xx_HAL_Driver\Src\stm32f4xx_hal_rcc_ex.o
 .debug_aranges
                0x00000468      0x278 Drivers\STM32F4xx_HAL_Driver\Src\stm32f4xx_hal_tim.o
 .debug_aranges
                0x000006e0       0xf8 Drivers\STM32F4xx_HAL_Driver\Src\stm32f4xx_hal_tim_ex.o
 .debug_aranges
                0x000007d8      0x170 Drivers\STM32F4xx_HAL_Driver\Src\stm32f4xx_hal_uart.o
 .debug_aranges
                0x00000948      0x218 Middlewares\Third_Party\FreeRTOS\Source\CMSIS_RTOS_V2\cmsis_os2.o
 .debug_aranges
                0x00000b60       0x40 Middlewares\Third_Party\FreeRTOS\Source\list.o
 .debug_aranges
                0x00000ba0       0x80 Middlewares\Third_Party\FreeRTOS\Source\portable\GCC\ARM_CM4F\port.o
 .debug_aranges
                0x00000c20       0x48 Middlewares\Third_Party\FreeRTOS\Source\portable\MemMang\heap_4.o
 .debug_aranges
                0x00000c68      0x118 Middlewares\Third_Party\FreeRTOS\Source\queue.o
 .debug_aranges
                0x00000d80      0x1a0 Middlewares\Third_Party\FreeRTOS\Source\tasks.o
 .debug_aranges
                0x00000f20       0x90 Middlewares\Third_Party\FreeRTOS\Source\timers.o
 .debug_aranges
                0x00000fb0       0x38 Src\main.o
 .debug_aranges
                0x00000fe8       0x68 Src\stm32f4xx_hal_msp.o
 .debug_aranges
                0x00001050       0x48 Src\stm32f4xx_it.o
 .debug_aranges
                0x00001098       0x28 Src\system_stm32f4xx.o
 .debug_aranges
                0x000010c0       0x28 startup\startup_stm32f446xx.o

.debug_ranges   0x00000000     0x1600
 .debug_ranges  0x00000000       0xd8 Drivers\STM32F4xx_HAL_Driver\Src\stm32f4xx_hal.o
 .debug_ranges  0x000000d8       0xc8 Drivers\STM32F4xx_HAL_Driver\Src\stm32f4xx_hal_adc.o
 .debug_ranges  0x000001a0       0xb8 Drivers\STM32F4xx_HAL_Driver\Src\stm32f4xx_hal_can.o
 .debug_ranges  0x00000258      0x128 Drivers\STM32F4xx_HAL_Driver\Src\stm32f4xx_hal_cortex.o
 .debug_ranges  0x00000380       0x68 Drivers\STM32F4xx_HAL_Driver\Src\stm32f4xx_hal_gpio.o
 .debug_ranges  0x000003e8       0xb0 Drivers\STM32F4xx_HAL_Driver\Src\stm32f4xx_hal_rcc.o
 .debug_ranges  0x00000498       0x80 Drivers\STM32F4xx_HAL_Driver\Src\stm32f4xx_hal_rcc_ex.o
 .debug_ranges  0x00000518      0x340 Drivers\STM32F4xx_HAL_Driver\Src\stm32f4xx_hal_tim.o
 .debug_ranges  0x00000858       0xe8 Drivers\STM32F4xx_HAL_Driver\Src\stm32f4xx_hal_tim_ex.o
 .debug_ranges  0x00000940      0x178 Drivers\STM32F4xx_HAL_Driver\Src\stm32f4xx_hal_uart.o
 .debug_ranges  0x00000ab8      0x208 Middlewares\Third_Party\FreeRTOS\Source\CMSIS_RTOS_V2\cmsis_os2.o
 .debug_ranges  0x00000cc0       0x30 Middlewares\Third_Party\FreeRTOS\Source\list.o
 .debug_ranges  0x00000cf0       0x70 Middlewares\Third_Party\FreeRTOS\Source\portable\GCC\ARM_CM4F\port.o
 .debug_ranges  0x00000d60       0x38 Middlewares\Third_Party\FreeRTOS\Source\portable\MemMang\heap_4.o
 .debug_ranges  0x00000d98      0x248 Middlewares\Third_Party\FreeRTOS\Source\queue.o
 .debug_ranges  0x00000fe0      0x238 Middlewares\Third_Party\FreeRTOS\Source\tasks.o
 .debug_ranges  0x00001218      0x150 Middlewares\Third_Party\FreeRTOS\Source\timers.o
 .debug_ranges  0x00001368      0x140 Src\main.o
 .debug_ranges  0x000014a8       0xe8 Src\stm32f4xx_hal_msp.o
 .debug_ranges  0x00001590       0x38 Src\stm32f4xx_it.o
 .debug_ranges  0x000015c8       0x18 Src\system_stm32f4xx.o
 .debug_ranges  0x000015e0       0x20 startup\startup_stm32f446xx.o

.debug_line     0x00000000     0x91cc
 .debug_line    0x00000000      0x41d Drivers\STM32F4xx_HAL_Driver\Src\stm32f4xx_hal.o
 .debug_line    0x0000041d      0x727 Drivers\STM32F4xx_HAL_Driver\Src\stm32f4xx_hal_adc.o
 .debug_line    0x00000b44      0x5fa Drivers\STM32F4xx_HAL_Driver\Src\stm32f4xx_hal_can.o
 .debug_line    0x0000113e      0x458 Drivers\STM32F4xx_HAL_Driver\Src\stm32f4xx_hal_cortex.o
 .debug_line    0x00001596      0x3d9 Drivers\STM32F4xx_HAL_Driver\Src\stm32f4xx_hal_gpio.o
 .debug_line    0x0000196f      0x4f6 Drivers\STM32F4xx_HAL_Driver\Src\stm32f4xx_hal_rcc.o
 .debug_line    0x00001e65      0x6f7 Drivers\STM32F4xx_HAL_Driver\Src\stm32f4xx_hal_rcc_ex.o
 .debug_line    0x0000255c     0x1185 Drivers\STM32F4xx_HAL_Driver\Src\stm32f4xx_hal_tim.o
 .debug_line    0x000036e1      0x67f Drivers\STM32F4xx_HAL_Driver\Src\stm32f4xx_hal_tim_ex.o
 .debug_line    0x00003d60      0xb78 Drivers\STM32F4xx_HAL_Driver\Src\stm32f4xx_hal_uart.o
 .debug_line    0x000048d8     0x1437 Middlewares\Third_Party\FreeRTOS\Source\CMSIS_RTOS_V2\cmsis_os2.o
 .debug_line    0x00005d0f      0x36b Middlewares\Third_Party\FreeRTOS\Source\list.o
 .debug_line    0x0000607a      0x36d Middlewares\Third_Party\FreeRTOS\Source\portable\GCC\ARM_CM4F\port.o
 .debug_line    0x000063e7      0x419 Middlewares\Third_Party\FreeRTOS\Source\portable\MemMang\heap_4.o
 .debug_line    0x00006800      0xa76 Middlewares\Third_Party\FreeRTOS\Source\queue.o
 .debug_line    0x00007276      0xcb8 Middlewares\Third_Party\FreeRTOS\Source\tasks.o
 .debug_line    0x00007f2e      0x5fe Middlewares\Third_Party\FreeRTOS\Source\timers.o
 .debug_line    0x0000852c      0x44a Src\main.o
 .debug_line    0x00008976      0x3d8 Src\stm32f4xx_hal_msp.o
 .debug_line    0x00008d4e      0x21f Src\stm32f4xx_it.o
 .debug_line    0x00008f6d      0x1e0 Src\system_stm32f4xx.o
 .debug_line    0x0000914d       0x7f startup\startup_stm32f446xx.o

.debug_str      0x00000000     0x74bb
 .debug_str     0x00000000      0xb7e Drivers\STM32F4xx_HAL_Driver\Src\stm32f4xx_hal.o
                                0xc01 (size before relaxing)
 .debug_str     0x00000b7e      0x6d4 Drivers\STM32F4xx_HAL_Driver\Src\stm32f4xx_hal_adc.o
                                0x98f (size before relaxing)
 .debug_str     0x00001252      0x781 Drivers\STM32F4xx_HAL_Driver\Src\stm32f4xx_hal_can.o
                                0xa97 (size before relaxing)
 .debug_str     0x000019d3      0x4a1 Drivers\STM32F4xx_HAL_Driver\Src\stm32f4xx_hal_cortex.o
                                0xca7 (size before relaxing)
 .debug_str     0x00001e74      0x1d3 Drivers\STM32F4xx_HAL_Driver\Src\stm32f4xx_hal_gpio.o
                                0x551 (size before relaxing)
 .debug_str     0x00002047      0x2ee Drivers\STM32F4xx_HAL_Driver\Src\stm32f4xx_hal_rcc.o
                                0x729 (size before relaxing)
 .debug_str     0x00002335      0x347 Drivers\STM32F4xx_HAL_Driver\Src\stm32f4xx_hal_rcc_ex.o
                                0x82c (size before relaxing)
 .debug_str     0x0000267c      0xfe3 Drivers\STM32F4xx_HAL_Driver\Src\stm32f4xx_hal_tim.o
                               0x1509 (size before relaxing)
 .debug_str     0x0000365f      0x548 Drivers\STM32F4xx_HAL_Driver\Src\stm32f4xx_hal_tim_ex.o
                                0xd21 (size before relaxing)
 .debug_str     0x00003ba7      0x6e9 Drivers\STM32F4xx_HAL_Driver\Src\stm32f4xx_hal_uart.o
                                0xc54 (size before relaxing)
 .debug_str     0x00004290     0x1a29 Middlewares\Third_Party\FreeRTOS\Source\CMSIS_RTOS_V2\cmsis_os2.o
                               0x1cc7 (size before relaxing)
 .debug_str     0x00005cb9      0x143 Middlewares\Third_Party\FreeRTOS\Source\list.o
                                0x739 (size before relaxing)
 .debug_str     0x00005dfc      0x254 Middlewares\Third_Party\FreeRTOS\Source\portable\GCC\ARM_CM4F\port.o
                                0x483 (size before relaxing)
 .debug_str     0x00006050      0x1e8 Middlewares\Third_Party\FreeRTOS\Source\portable\MemMang\heap_4.o
                                0x822 (size before relaxing)
 .debug_str     0x00006238      0x55e Middlewares\Third_Party\FreeRTOS\Source\queue.o
                               0x1002 (size before relaxing)
 .debug_str     0x00006796      0x73b Middlewares\Third_Party\FreeRTOS\Source\tasks.o
                               0x142b (size before relaxing)
 .debug_str     0x00006ed1      0x3e2 Middlewares\Third_Party\FreeRTOS\Source\timers.o
                                0xf12 (size before relaxing)
 .debug_str     0x000072b3      0x114 Src\main.o
                               0x15e6 (size before relaxing)
 .debug_str     0x000073c7       0x24 Src\stm32f4xx_hal_msp.o
                               0x1349 (size before relaxing)
 .debug_str     0x000073eb       0x8b Src\stm32f4xx_it.o
                                0x286 (size before relaxing)
 .debug_str     0x00007476       0x45 Src\system_stm32f4xx.o
                                0x3b5 (size before relaxing)

.comment        0x00000000       0x7c
 .comment       0x00000000       0x7c Drivers\STM32F4xx_HAL_Driver\Src\stm32f4xx_hal.o
                                 0x7d (size before relaxing)
 .comment       0x0000007c       0x7d Drivers\STM32F4xx_HAL_Driver\Src\stm32f4xx_hal_adc.o
 .comment       0x0000007c       0x7d Drivers\STM32F4xx_HAL_Driver\Src\stm32f4xx_hal_can.o
 .comment       0x0000007c       0x7d Drivers\STM32F4xx_HAL_Driver\Src\stm32f4xx_hal_cortex.o
 .comment       0x0000007c       0x7d Drivers\STM32F4xx_HAL_Driver\Src\stm32f4xx_hal_gpio.o
 .comment       0x0000007c       0x7d Drivers\STM32F4xx_HAL_Driver\Src\stm32f4xx_hal_rcc.o
 .comment       0x0000007c       0x7d Drivers\STM32F4xx_HAL_Driver\Src\stm32f4xx_hal_rcc_ex.o
 .comment       0x0000007c       0x7d Drivers\STM32F4xx_HAL_Driver\Src\stm32f4xx_hal_tim.o
 .comment       0x0000007c       0x7d Drivers\STM32F4xx_HAL_Driver\Src\stm32f4xx_hal_tim_ex.o
 .comment       0x0000007c       0x7d Drivers\STM32F4xx_HAL_Driver\Src\stm32f4xx_hal_uart.o
 .comment       0x0000007c       0x7d Middlewares\Third_Party\FreeRTOS\Source\CMSIS_RTOS_V2\cmsis_os2.o
 .comment       0x0000007c       0x7d Middlewares\Third_Party\FreeRTOS\Source\list.o
 .comment       0x0000007c       0x7d Middlewares\Third_Party\FreeRTOS\Source\portable\GCC\ARM_CM4F\port.o
 .comment       0x0000007c       0x7d Middlewares\Third_Party\FreeRTOS\Source\portable\MemMang\heap_4.o
 .comment       0x0000007c       0x7d Middlewares\Third_Party\FreeRTOS\Source\queue.o
 .comment       0x0000007c       0x7d Middlewares\Third_Party\FreeRTOS\Source\tasks.o
 .comment       0x0000007c       0x7d Middlewares\Third_Party\FreeRTOS\Source\timers.o
 .comment       0x0000007c       0x7d Src\main.o
 .comment       0x0000007c       0x7d Src\stm32f4xx_hal_msp.o
 .comment       0x0000007c       0x7d Src\stm32f4xx_it.o
 .comment       0x0000007c       0x7d Src\system_stm32f4xx.o

.debug_frame    0x00000000     0x332c
 .debug_frame   0x00000000      0x1f0 Drivers\STM32F4xx_HAL_Driver\Src\stm32f4xx_hal.o
 .debug_frame   0x000001f0      0x248 Drivers\STM32F4xx_HAL_Driver\Src\stm32f4xx_hal_adc.o
 .debug_frame   0x00000438      0x2cc Drivers\STM32F4xx_HAL_Driver\Src\stm32f4xx_hal_can.o
 .debug_frame   0x00000704      0x158 Drivers\STM32F4xx_HAL_Driver\Src\stm32f4xx_hal_cortex.o
 .debug_frame   0x0000085c       0xd8 Drivers\STM32F4xx_HAL_Driver\Src\stm32f4xx_hal_gpio.o
 .debug_frame   0x00000934      0x13c Drivers\STM32F4xx_HAL_Driver\Src\stm32f4xx_hal_rcc.o
 .debug_frame   0x00000a70      0x150 Drivers\STM32F4xx_HAL_Driver\Src\stm32f4xx_hal_rcc_ex.o
 .debug_frame   0x00000bc0      0x928 Drivers\STM32F4xx_HAL_Driver\Src\stm32f4xx_hal_tim.o
 .debug_frame   0x000014e8      0x360 Drivers\STM32F4xx_HAL_Driver\Src\stm32f4xx_hal_tim_ex.o
 .debug_frame   0x00001848      0x4a0 Drivers\STM32F4xx_HAL_Driver\Src\stm32f4xx_hal_uart.o
 .debug_frame   0x00001ce8      0x65c Middlewares\Third_Party\FreeRTOS\Source\CMSIS_RTOS_V2\cmsis_os2.o
 .debug_frame   0x00002344       0x6c Middlewares\Third_Party\FreeRTOS\Source\list.o
 .debug_frame   0x000023b0       0xfc Middlewares\Third_Party\FreeRTOS\Source\portable\GCC\ARM_CM4F\port.o
 .debug_frame   0x000024ac       0x98 Middlewares\Third_Party\FreeRTOS\Source\portable\MemMang\heap_4.o
 .debug_frame   0x00002544      0x3ac Middlewares\Third_Party\FreeRTOS\Source\queue.o
 .debug_frame   0x000028f0      0x56c Middlewares\Third_Party\FreeRTOS\Source\tasks.o
 .debug_frame   0x00002e5c      0x1bc Middlewares\Third_Party\FreeRTOS\Source\timers.o
 .debug_frame   0x00003018       0x74 Src\main.o
 .debug_frame   0x0000308c      0x114 Src\stm32f4xx_hal_msp.o
 .debug_frame   0x000031a0       0x80 Src\stm32f4xx_it.o
 .debug_frame   0x00003220       0x38 Src\system_stm32f4xx.o
 .debug_frame   0x00003258       0x2c d:/archivos de programa/atollic/truestudio for stm32 9.3.0/armtools/bin/../lib/gcc/arm-atollic-eabi/6.3.1/../../../../arm-atollic-eabi/lib/armv7e-m/fpu\libc_nano.a(lib_a-init.o)
 .debug_frame   0x00003284       0x28 d:/archivos de programa/atollic/truestudio for stm32 9.3.0/armtools/bin/../lib/gcc/arm-atollic-eabi/6.3.1/../../../../arm-atollic-eabi/lib/armv7e-m/fpu\libc_nano.a(lib_a-memcpy-stub.o)
 .debug_frame   0x000032ac       0x20 d:/archivos de programa/atollic/truestudio for stm32 9.3.0/armtools/bin/../lib/gcc/arm-atollic-eabi/6.3.1/../../../../arm-atollic-eabi/lib/armv7e-m/fpu\libc_nano.a(lib_a-memset.o)
 .debug_frame   0x000032cc       0x2c d:/archivos de programa/atollic/truestudio for stm32 9.3.0/armtools/bin/../lib/gcc/arm-atollic-eabi/6.3.1/armv7e-m/fpu\libgcc.a(_aeabi_uldivmod.o)
 .debug_frame   0x000032f8       0x34 d:/archivos de programa/atollic/truestudio for stm32 9.3.0/armtools/bin/../lib/gcc/arm-atollic-eabi/6.3.1/armv7e-m/fpu\libgcc.a(_udivmoddi4.o)
