stm32f4xx_hal_msp.c:66:6:HAL_MspInit	16	static
stm32f4xx_hal_msp.c:90:6:HAL_ADC_MspInit	56	static
stm32f4xx_hal_msp.c:152:6:HAL_ADC_MspDeInit	8	static
stm32f4xx_hal_msp.c:201:6:HAL_CAN_MspInit	40	static
stm32f4xx_hal_msp.c:237:6:HAL_CAN_MspDeInit	0	static
stm32f4xx_hal_msp.c:266:6:HAL_TIM_PWM_MspInit	16	static
stm32f4xx_hal_msp.c:304:6:HAL_TIM_MspPostInit	40	static
stm32f4xx_hal_msp.c:377:6:HAL_TIM_PWM_MspDeInit	0	static
stm32f4xx_hal_msp.c:421:6:HAL_UART_MspInit	40	static
stm32f4xx_hal_msp.c:457:6:HAL_UART_MspDeInit	0	static
